// Jest Snapshot v1, https://goo.gl/fbAQLP

exports[`Score component test suite match the snapshot 1`] = `
<div>
  <div
    class="score MuiBox-root css-0"
  >
    <div
      class="score-text"
    >
      00
    </div>
  </div>
</div>
`;
